------------------------------------------------------------
TimeQuest Timing Analyzer Summary
------------------------------------------------------------

Type  : Slow 1200mV 85C Model Setup 'clock_T4'
Slack : -3.666
TNS   : -36.828

Type  : Slow 1200mV 85C Model Hold 'clock_T4'
Slack : 0.019
TNS   : 0.000

Type  : Slow 1200mV 85C Model Recovery 'clock_T4'
Slack : -0.975
TNS   : -7.720

Type  : Slow 1200mV 85C Model Removal 'clock_T4'
Slack : 0.913
TNS   : 0.000

Type  : Slow 1200mV 0C Model Setup 'clock_T4'
Slack : -3.398
TNS   : -33.796

Type  : Slow 1200mV 0C Model Hold 'clock_T4'
Slack : 0.010
TNS   : 0.000

Type  : Slow 1200mV 0C Model Recovery 'clock_T4'
Slack : -0.985
TNS   : -7.800

Type  : Slow 1200mV 0C Model Removal 'clock_T4'
Slack : 0.871
TNS   : 0.000

Type  : Fast 1200mV 0C Model Setup 'clock_T4'
Slack : -1.638
TNS   : -17.415

Type  : Fast 1200mV 0C Model Hold 'clock_T4'
Slack : 0.030
TNS   : 0.000

Type  : Fast 1200mV 0C Model Recovery 'clock_T4'
Slack : -0.436
TNS   : -3.444

Type  : Fast 1200mV 0C Model Removal 'clock_T4'
Slack : 0.421
TNS   : 0.000

------------------------------------------------------------
