Simulator report for Chapter4
Sun May 29 18:30:01 2022
Quartus II Version 9.0 Build 132 02/25/2009 SJ Full Version


---------------------
; Table of Contents ;
---------------------
  1. Legal Notice
  2. Simulator Summary
  3. Simulator Settings
  4. Simulation Waveforms
  5. Coverage Summary
  6. Complete 1/0-Value Coverage
  7. Missing 1-Value Coverage
  8. Missing 0-Value Coverage
  9. Simulator INI Usage
 10. Simulator Messages



----------------
; Legal Notice ;
----------------
Copyright (C) 1991-2009 Altera Corporation
Your use of Altera Corporation's design tools, logic functions 
and other software and tools, and its AMPP partner logic 
functions, and any output files from any of the foregoing 
(including device programming or simulation files), and any 
associated documentation or information are expressly subject 
to the terms and conditions of the Altera Program License 
Subscription Agreement, Altera MegaCore Function License 
Agreement, or other applicable license agreement, including, 
without limitation, that your use is for the sole purpose of 
programming logic devices manufactured by Altera and sold by 
Altera or its authorized distributors.  Please refer to the 
applicable agreement for further details.



+--------------------------------------------+
; Simulator Summary                          ;
+-----------------------------+--------------+
; Type                        ; Value        ;
+-----------------------------+--------------+
; Simulation Start Time       ; 0 ps         ;
; Simulation End Time         ; 1.0 us       ;
; Simulation Netlist Size     ; 157 nodes    ;
; Simulation Coverage         ;      79.88 % ;
; Total Number of Transitions ; 3714         ;
; Simulation Breakpoints      ; 0            ;
; Family                      ; Cyclone III  ;
+-----------------------------+--------------+


+-------------------------------------------------------------------------------------------------------------------------+
; Simulator Settings                                                                                                      ;
+--------------------------------------------------------------------------------------------+------------+---------------+
; Option                                                                                     ; Setting    ; Default Value ;
+--------------------------------------------------------------------------------------------+------------+---------------+
; Simulation mode                                                                            ; Functional ; Timing        ;
; Start time                                                                                 ; 0 ns       ; 0 ns          ;
; Simulation results format                                                                  ; CVWF       ;               ;
; Vector input source                                                                        ; wave4.vwf  ;               ;
; Add pins automatically to simulation output waveforms                                      ; On         ; On            ;
; Check outputs                                                                              ; Off        ; Off           ;
; Report simulation coverage                                                                 ; On         ; On            ;
; Display complete 1/0 value coverage report                                                 ; On         ; On            ;
; Display missing 1-value coverage report                                                    ; On         ; On            ;
; Display missing 0-value coverage report                                                    ; On         ; On            ;
; Detect setup and hold time violations                                                      ; Off        ; Off           ;
; Detect glitches                                                                            ; Off        ; Off           ;
; Disable timing delays in Timing Simulation                                                 ; Off        ; Off           ;
; Generate Signal Activity File                                                              ; Off        ; Off           ;
; Generate VCD File for PowerPlay Power Analyzer                                             ; Off        ; Off           ;
; Group bus channels in simulation results                                                   ; Off        ; Off           ;
; Preserve fewer signal transitions to reduce memory requirements                            ; On         ; On            ;
; Trigger vector comparison with the specified mode                                          ; INPUT_EDGE ; INPUT_EDGE    ;
; Disable setup and hold time violations detection in input registers of bi-directional pins ; Off        ; Off           ;
; Overwrite Waveform Inputs With Simulation Outputs                                          ; Off        ;               ;
; Perform Glitch Filtering in Timing Simulation                                              ; Auto       ; Auto          ;
; Interconnect Delay Model Type                                                              ; Transport  ; Transport     ;
; Cell Delay Model Type                                                                      ; Transport  ; Transport     ;
+--------------------------------------------------------------------------------------------+------------+---------------+


+----------------------+
; Simulation Waveforms ;
+----------------------+
Waveform report data cannot be output to ASCII.
Please use Quartus II to view the waveform report data.


+--------------------------------------------------------------------+
; Coverage Summary                                                   ;
+-----------------------------------------------------+--------------+
; Type                                                ; Value        ;
+-----------------------------------------------------+--------------+
; Total coverage as a percentage                      ;      79.88 % ;
; Total nodes checked                                 ; 157          ;
; Total output ports checked                          ; 164          ;
; Total output ports with complete 1/0-value coverage ; 131          ;
; Total output ports with no 1/0-value coverage       ; 23           ;
; Total output ports with no 1-value coverage         ; 23           ;
; Total output ports with no 0-value coverage         ; 33           ;
+-----------------------------------------------------+--------------+


The following table displays output ports that toggle between 1 and 0 during simulation.
+------------------------------------------------------------------------------------------------------------------------------------------------------------------------------------------------------------------------------------------------+
; Complete 1/0-Value Coverage                                                                                                                                                                                                                    ;
+-------------------------------------------------------------------------------------------------------------+---------------------------------------------------------------------------------------------------------------+------------------+
; Node Name                                                                                                   ; Output Port Name                                                                                              ; Output Port Type ;
+-------------------------------------------------------------------------------------------------------------+---------------------------------------------------------------------------------------------------------------+------------------+
; |Chapter4|LED[7]                                                                                            ; |Chapter4|LED[7]                                                                                              ; pin_out          ;
; |Chapter4|LED[5]                                                                                            ; |Chapter4|LED[5]                                                                                              ; pin_out          ;
; |Chapter4|LED[3]                                                                                            ; |Chapter4|LED[3]                                                                                              ; pin_out          ;
; |Chapter4|B[7]                                                                                              ; |Chapter4|B[7]                                                                                                ; out              ;
; |Chapter4|B[5]                                                                                              ; |Chapter4|B[5]                                                                                                ; out              ;
; |Chapter4|B[3]                                                                                              ; |Chapter4|B[3]                                                                                                ; out              ;
; |Chapter4|Q[7]                                                                                              ; |Chapter4|Q[7]                                                                                                ; pin_out          ;
; |Chapter4|Q[6]                                                                                              ; |Chapter4|Q[6]                                                                                                ; pin_out          ;
; |Chapter4|Q[5]                                                                                              ; |Chapter4|Q[5]                                                                                                ; pin_out          ;
; |Chapter4|Q[4]                                                                                              ; |Chapter4|Q[4]                                                                                                ; pin_out          ;
; |Chapter4|Q[3]                                                                                              ; |Chapter4|Q[3]                                                                                                ; pin_out          ;
; |Chapter4|Q[2]                                                                                              ; |Chapter4|Q[2]                                                                                                ; pin_out          ;
; |Chapter4|Q[1]                                                                                              ; |Chapter4|Q[1]                                                                                                ; pin_out          ;
; |Chapter4|Q[0]                                                                                              ; |Chapter4|Q[0]                                                                                                ; pin_out          ;
; |Chapter4|clock_T4                                                                                          ; |Chapter4|clock_T4                                                                                            ; out              ;
; |Chapter4|load                                                                                              ; |Chapter4|load                                                                                                ; out              ;
; |Chapter4|clear                                                                                             ; |Chapter4|clear                                                                                               ; out              ;
; |Chapter4|set                                                                                               ; |Chapter4|set                                                                                                 ; out              ;
; |Chapter4|lpm_counter2:inst|lpm_counter:lpm_counter_component|cntr_25j:auto_generated|counter_reg_bit[7]~9  ; |Chapter4|lpm_counter2:inst|lpm_counter:lpm_counter_component|cntr_25j:auto_generated|counter_reg_bit[7]~9    ; out0             ;
; |Chapter4|lpm_counter2:inst|lpm_counter:lpm_counter_component|cntr_25j:auto_generated|counter_reg_bit[6]~10 ; |Chapter4|lpm_counter2:inst|lpm_counter:lpm_counter_component|cntr_25j:auto_generated|counter_reg_bit[6]~10   ; out0             ;
; |Chapter4|lpm_counter2:inst|lpm_counter:lpm_counter_component|cntr_25j:auto_generated|counter_reg_bit[5]~11 ; |Chapter4|lpm_counter2:inst|lpm_counter:lpm_counter_component|cntr_25j:auto_generated|counter_reg_bit[5]~11   ; out0             ;
; |Chapter4|lpm_counter2:inst|lpm_counter:lpm_counter_component|cntr_25j:auto_generated|counter_reg_bit[4]~12 ; |Chapter4|lpm_counter2:inst|lpm_counter:lpm_counter_component|cntr_25j:auto_generated|counter_reg_bit[4]~12   ; out0             ;
; |Chapter4|lpm_counter2:inst|lpm_counter:lpm_counter_component|cntr_25j:auto_generated|counter_reg_bit[3]~13 ; |Chapter4|lpm_counter2:inst|lpm_counter:lpm_counter_component|cntr_25j:auto_generated|counter_reg_bit[3]~13   ; out0             ;
; |Chapter4|lpm_counter2:inst|lpm_counter:lpm_counter_component|cntr_25j:auto_generated|counter_reg_bit[2]~14 ; |Chapter4|lpm_counter2:inst|lpm_counter:lpm_counter_component|cntr_25j:auto_generated|counter_reg_bit[2]~14   ; out0             ;
; |Chapter4|lpm_counter2:inst|lpm_counter:lpm_counter_component|cntr_25j:auto_generated|counter_reg_bit[1]~15 ; |Chapter4|lpm_counter2:inst|lpm_counter:lpm_counter_component|cntr_25j:auto_generated|counter_reg_bit[1]~15   ; out0             ;
; |Chapter4|lpm_counter2:inst|lpm_counter:lpm_counter_component|cntr_25j:auto_generated|counter_reg_bit[0]~16 ; |Chapter4|lpm_counter2:inst|lpm_counter:lpm_counter_component|cntr_25j:auto_generated|counter_reg_bit[0]~16   ; out0             ;
; |Chapter4|lpm_counter2:inst|lpm_counter:lpm_counter_component|cntr_25j:auto_generated|mux211_dataout~0      ; |Chapter4|lpm_counter2:inst|lpm_counter:lpm_counter_component|cntr_25j:auto_generated|mux211_dataout~0        ; out0             ;
; |Chapter4|lpm_counter2:inst|lpm_counter:lpm_counter_component|cntr_25j:auto_generated|mux211_dataout~1      ; |Chapter4|lpm_counter2:inst|lpm_counter:lpm_counter_component|cntr_25j:auto_generated|mux211_dataout~1        ; out0             ;
; |Chapter4|lpm_counter2:inst|lpm_counter:lpm_counter_component|cntr_25j:auto_generated|mux2111_dataout~1     ; |Chapter4|lpm_counter2:inst|lpm_counter:lpm_counter_component|cntr_25j:auto_generated|mux2111_dataout~1       ; out0             ;
; |Chapter4|lpm_counter2:inst|lpm_counter:lpm_counter_component|cntr_25j:auto_generated|mux2111_dataout       ; |Chapter4|lpm_counter2:inst|lpm_counter:lpm_counter_component|cntr_25j:auto_generated|mux2111_dataout         ; out0             ;
; |Chapter4|lpm_counter2:inst|lpm_counter:lpm_counter_component|cntr_25j:auto_generated|mux2113_dataout~0     ; |Chapter4|lpm_counter2:inst|lpm_counter:lpm_counter_component|cntr_25j:auto_generated|mux2113_dataout~0       ; out0             ;
; |Chapter4|lpm_counter2:inst|lpm_counter:lpm_counter_component|cntr_25j:auto_generated|mux2113_dataout~1     ; |Chapter4|lpm_counter2:inst|lpm_counter:lpm_counter_component|cntr_25j:auto_generated|mux2113_dataout~1       ; out0             ;
; |Chapter4|lpm_counter2:inst|lpm_counter:lpm_counter_component|cntr_25j:auto_generated|mux2115_dataout~1     ; |Chapter4|lpm_counter2:inst|lpm_counter:lpm_counter_component|cntr_25j:auto_generated|mux2115_dataout~1       ; out0             ;
; |Chapter4|lpm_counter2:inst|lpm_counter:lpm_counter_component|cntr_25j:auto_generated|mux2115_dataout       ; |Chapter4|lpm_counter2:inst|lpm_counter:lpm_counter_component|cntr_25j:auto_generated|mux2115_dataout         ; out0             ;
; |Chapter4|lpm_counter2:inst|lpm_counter:lpm_counter_component|cntr_25j:auto_generated|mux213_dataout~0      ; |Chapter4|lpm_counter2:inst|lpm_counter:lpm_counter_component|cntr_25j:auto_generated|mux213_dataout~0        ; out0             ;
; |Chapter4|lpm_counter2:inst|lpm_counter:lpm_counter_component|cntr_25j:auto_generated|mux213_dataout~1      ; |Chapter4|lpm_counter2:inst|lpm_counter:lpm_counter_component|cntr_25j:auto_generated|mux213_dataout~1        ; out0             ;
; |Chapter4|lpm_counter2:inst|lpm_counter:lpm_counter_component|cntr_25j:auto_generated|mux215_dataout~0      ; |Chapter4|lpm_counter2:inst|lpm_counter:lpm_counter_component|cntr_25j:auto_generated|mux215_dataout~0        ; out0             ;
; |Chapter4|lpm_counter2:inst|lpm_counter:lpm_counter_component|cntr_25j:auto_generated|mux215_dataout~1      ; |Chapter4|lpm_counter2:inst|lpm_counter:lpm_counter_component|cntr_25j:auto_generated|mux215_dataout~1        ; out0             ;
; |Chapter4|lpm_counter2:inst|lpm_counter:lpm_counter_component|cntr_25j:auto_generated|mux217_dataout~1      ; |Chapter4|lpm_counter2:inst|lpm_counter:lpm_counter_component|cntr_25j:auto_generated|mux217_dataout~1        ; out0             ;
; |Chapter4|lpm_counter2:inst|lpm_counter:lpm_counter_component|cntr_25j:auto_generated|mux217_dataout        ; |Chapter4|lpm_counter2:inst|lpm_counter:lpm_counter_component|cntr_25j:auto_generated|mux217_dataout          ; out0             ;
; |Chapter4|lpm_counter2:inst|lpm_counter:lpm_counter_component|cntr_25j:auto_generated|mux219_dataout~0      ; |Chapter4|lpm_counter2:inst|lpm_counter:lpm_counter_component|cntr_25j:auto_generated|mux219_dataout~0        ; out0             ;
; |Chapter4|lpm_counter2:inst|lpm_counter:lpm_counter_component|cntr_25j:auto_generated|mux219_dataout~1      ; |Chapter4|lpm_counter2:inst|lpm_counter:lpm_counter_component|cntr_25j:auto_generated|mux219_dataout~1        ; out0             ;
; |Chapter4|lpm_counter2:inst|lpm_counter:lpm_counter_component|cntr_25j:auto_generated|aclr_actual           ; |Chapter4|lpm_counter2:inst|lpm_counter:lpm_counter_component|cntr_25j:auto_generated|aclr_actual             ; out0             ;
; |Chapter4|lpm_counter2:inst|lpm_counter:lpm_counter_component|cntr_25j:auto_generated|latch_signal[7]       ; |Chapter4|lpm_counter2:inst|lpm_counter:lpm_counter_component|cntr_25j:auto_generated|latch_signal[7]         ; out0             ;
; |Chapter4|lpm_counter2:inst|lpm_counter:lpm_counter_component|cntr_25j:auto_generated|latch_signal[5]       ; |Chapter4|lpm_counter2:inst|lpm_counter:lpm_counter_component|cntr_25j:auto_generated|latch_signal[5]         ; out0             ;
; |Chapter4|lpm_counter2:inst|lpm_counter:lpm_counter_component|cntr_25j:auto_generated|latch_signal[3]       ; |Chapter4|lpm_counter2:inst|lpm_counter:lpm_counter_component|cntr_25j:auto_generated|latch_signal[3]         ; out0             ;
; |Chapter4|lpm_counter2:inst|lpm_counter:lpm_counter_component|cntr_25j:auto_generated|pre_hazard[7]         ; |Chapter4|lpm_counter2:inst|lpm_counter:lpm_counter_component|cntr_25j:auto_generated|pre_hazard[7]           ; out0             ;
; |Chapter4|lpm_counter2:inst|lpm_counter:lpm_counter_component|cntr_25j:auto_generated|pre_hazard[6]         ; |Chapter4|lpm_counter2:inst|lpm_counter:lpm_counter_component|cntr_25j:auto_generated|pre_hazard[6]           ; out0             ;
; |Chapter4|lpm_counter2:inst|lpm_counter:lpm_counter_component|cntr_25j:auto_generated|pre_hazard[5]         ; |Chapter4|lpm_counter2:inst|lpm_counter:lpm_counter_component|cntr_25j:auto_generated|pre_hazard[5]           ; out0             ;
; |Chapter4|lpm_counter2:inst|lpm_counter:lpm_counter_component|cntr_25j:auto_generated|pre_hazard[4]         ; |Chapter4|lpm_counter2:inst|lpm_counter:lpm_counter_component|cntr_25j:auto_generated|pre_hazard[4]           ; out0             ;
; |Chapter4|lpm_counter2:inst|lpm_counter:lpm_counter_component|cntr_25j:auto_generated|pre_hazard[3]         ; |Chapter4|lpm_counter2:inst|lpm_counter:lpm_counter_component|cntr_25j:auto_generated|pre_hazard[3]           ; out0             ;
; |Chapter4|lpm_counter2:inst|lpm_counter:lpm_counter_component|cntr_25j:auto_generated|pre_hazard[2]         ; |Chapter4|lpm_counter2:inst|lpm_counter:lpm_counter_component|cntr_25j:auto_generated|pre_hazard[2]           ; out0             ;
; |Chapter4|lpm_counter2:inst|lpm_counter:lpm_counter_component|cntr_25j:auto_generated|pre_hazard[1]         ; |Chapter4|lpm_counter2:inst|lpm_counter:lpm_counter_component|cntr_25j:auto_generated|pre_hazard[1]           ; out0             ;
; |Chapter4|lpm_counter2:inst|lpm_counter:lpm_counter_component|cntr_25j:auto_generated|pre_hazard[0]         ; |Chapter4|lpm_counter2:inst|lpm_counter:lpm_counter_component|cntr_25j:auto_generated|pre_hazard[0]           ; out0             ;
; |Chapter4|lpm_counter2:inst|lpm_counter:lpm_counter_component|cntr_25j:auto_generated|_~95                  ; |Chapter4|lpm_counter2:inst|lpm_counter:lpm_counter_component|cntr_25j:auto_generated|_~95                    ; out0             ;
; |Chapter4|lpm_counter2:inst|lpm_counter:lpm_counter_component|cntr_25j:auto_generated|_~97                  ; |Chapter4|lpm_counter2:inst|lpm_counter:lpm_counter_component|cntr_25j:auto_generated|_~97                    ; out0             ;
; |Chapter4|lpm_counter2:inst|lpm_counter:lpm_counter_component|cntr_25j:auto_generated|_~99                  ; |Chapter4|lpm_counter2:inst|lpm_counter:lpm_counter_component|cntr_25j:auto_generated|_~99                    ; out0             ;
; |Chapter4|lpm_counter2:inst|lpm_counter:lpm_counter_component|cntr_25j:auto_generated|_~112                 ; |Chapter4|lpm_counter2:inst|lpm_counter:lpm_counter_component|cntr_25j:auto_generated|_~112                   ; out0             ;
; |Chapter4|lpm_counter2:inst|lpm_counter:lpm_counter_component|cntr_25j:auto_generated|_~113                 ; |Chapter4|lpm_counter2:inst|lpm_counter:lpm_counter_component|cntr_25j:auto_generated|_~113                   ; out0             ;
; |Chapter4|lpm_counter2:inst|lpm_counter:lpm_counter_component|cntr_25j:auto_generated|_~114                 ; |Chapter4|lpm_counter2:inst|lpm_counter:lpm_counter_component|cntr_25j:auto_generated|_~114                   ; out0             ;
; |Chapter4|lpm_counter2:inst|lpm_counter:lpm_counter_component|cntr_25j:auto_generated|_~115                 ; |Chapter4|lpm_counter2:inst|lpm_counter:lpm_counter_component|cntr_25j:auto_generated|_~115                   ; out0             ;
; |Chapter4|lpm_counter2:inst|lpm_counter:lpm_counter_component|cntr_25j:auto_generated|_~116                 ; |Chapter4|lpm_counter2:inst|lpm_counter:lpm_counter_component|cntr_25j:auto_generated|_~116                   ; out0             ;
; |Chapter4|lpm_counter2:inst|lpm_counter:lpm_counter_component|cntr_25j:auto_generated|_~117                 ; |Chapter4|lpm_counter2:inst|lpm_counter:lpm_counter_component|cntr_25j:auto_generated|_~117                   ; out0             ;
; |Chapter4|lpm_counter2:inst|lpm_counter:lpm_counter_component|cntr_25j:auto_generated|_~118                 ; |Chapter4|lpm_counter2:inst|lpm_counter:lpm_counter_component|cntr_25j:auto_generated|_~118                   ; out0             ;
; |Chapter4|lpm_counter2:inst|lpm_counter:lpm_counter_component|cntr_25j:auto_generated|_~119                 ; |Chapter4|lpm_counter2:inst|lpm_counter:lpm_counter_component|cntr_25j:auto_generated|_~119                   ; out0             ;
; |Chapter4|lpm_counter2:inst|lpm_counter:lpm_counter_component|cntr_25j:auto_generated|_~120                 ; |Chapter4|lpm_counter2:inst|lpm_counter:lpm_counter_component|cntr_25j:auto_generated|_~120                   ; out0             ;
; |Chapter4|lpm_counter2:inst|lpm_counter:lpm_counter_component|cntr_25j:auto_generated|_~121                 ; |Chapter4|lpm_counter2:inst|lpm_counter:lpm_counter_component|cntr_25j:auto_generated|_~121                   ; out0             ;
; |Chapter4|lpm_counter2:inst|lpm_counter:lpm_counter_component|cntr_25j:auto_generated|_~122                 ; |Chapter4|lpm_counter2:inst|lpm_counter:lpm_counter_component|cntr_25j:auto_generated|_~122                   ; out0             ;
; |Chapter4|lpm_counter2:inst|lpm_counter:lpm_counter_component|cntr_25j:auto_generated|_~123                 ; |Chapter4|lpm_counter2:inst|lpm_counter:lpm_counter_component|cntr_25j:auto_generated|_~123                   ; out0             ;
; |Chapter4|lpm_counter2:inst|lpm_counter:lpm_counter_component|cntr_25j:auto_generated|_~124                 ; |Chapter4|lpm_counter2:inst|lpm_counter:lpm_counter_component|cntr_25j:auto_generated|_~124                   ; out0             ;
; |Chapter4|lpm_counter2:inst|lpm_counter:lpm_counter_component|cntr_25j:auto_generated|_~125                 ; |Chapter4|lpm_counter2:inst|lpm_counter:lpm_counter_component|cntr_25j:auto_generated|_~125                   ; out0             ;
; |Chapter4|lpm_counter2:inst|lpm_counter:lpm_counter_component|cntr_25j:auto_generated|_~126                 ; |Chapter4|lpm_counter2:inst|lpm_counter:lpm_counter_component|cntr_25j:auto_generated|_~126                   ; out0             ;
; |Chapter4|lpm_counter2:inst|lpm_counter:lpm_counter_component|cntr_25j:auto_generated|_~127                 ; |Chapter4|lpm_counter2:inst|lpm_counter:lpm_counter_component|cntr_25j:auto_generated|_~127                   ; out0             ;
; |Chapter4|lpm_counter2:inst|lpm_counter:lpm_counter_component|cntr_25j:auto_generated|safe_q[7]             ; |Chapter4|lpm_counter2:inst|lpm_counter:lpm_counter_component|cntr_25j:auto_generated|safe_q[7]               ; out0             ;
; |Chapter4|lpm_counter2:inst|lpm_counter:lpm_counter_component|cntr_25j:auto_generated|safe_q[6]             ; |Chapter4|lpm_counter2:inst|lpm_counter:lpm_counter_component|cntr_25j:auto_generated|safe_q[6]               ; out0             ;
; |Chapter4|lpm_counter2:inst|lpm_counter:lpm_counter_component|cntr_25j:auto_generated|safe_q[5]             ; |Chapter4|lpm_counter2:inst|lpm_counter:lpm_counter_component|cntr_25j:auto_generated|safe_q[5]               ; out0             ;
; |Chapter4|lpm_counter2:inst|lpm_counter:lpm_counter_component|cntr_25j:auto_generated|safe_q[4]             ; |Chapter4|lpm_counter2:inst|lpm_counter:lpm_counter_component|cntr_25j:auto_generated|safe_q[4]               ; out0             ;
; |Chapter4|lpm_counter2:inst|lpm_counter:lpm_counter_component|cntr_25j:auto_generated|safe_q[3]             ; |Chapter4|lpm_counter2:inst|lpm_counter:lpm_counter_component|cntr_25j:auto_generated|safe_q[3]               ; out0             ;
; |Chapter4|lpm_counter2:inst|lpm_counter:lpm_counter_component|cntr_25j:auto_generated|safe_q[2]             ; |Chapter4|lpm_counter2:inst|lpm_counter:lpm_counter_component|cntr_25j:auto_generated|safe_q[2]               ; out0             ;
; |Chapter4|lpm_counter2:inst|lpm_counter:lpm_counter_component|cntr_25j:auto_generated|safe_q[1]             ; |Chapter4|lpm_counter2:inst|lpm_counter:lpm_counter_component|cntr_25j:auto_generated|safe_q[1]               ; out0             ;
; |Chapter4|lpm_counter2:inst|lpm_counter:lpm_counter_component|cntr_25j:auto_generated|safe_q[0]             ; |Chapter4|lpm_counter2:inst|lpm_counter:lpm_counter_component|cntr_25j:auto_generated|safe_q[0]               ; out0             ;
; |Chapter4|lpm_counter2:inst|lpm_counter:lpm_counter_component|cntr_25j:auto_generated|counter_comb_bita0    ; |Chapter4|lpm_counter2:inst|lpm_counter:lpm_counter_component|cntr_25j:auto_generated|counter_comb_bita0      ; combout          ;
; |Chapter4|lpm_counter2:inst|lpm_counter:lpm_counter_component|cntr_25j:auto_generated|counter_comb_bita0    ; |Chapter4|lpm_counter2:inst|lpm_counter:lpm_counter_component|cntr_25j:auto_generated|counter_comb_bita0~COUT ; cout             ;
; |Chapter4|lpm_counter2:inst|lpm_counter:lpm_counter_component|cntr_25j:auto_generated|counter_comb_bita1    ; |Chapter4|lpm_counter2:inst|lpm_counter:lpm_counter_component|cntr_25j:auto_generated|counter_comb_bita1      ; combout          ;
; |Chapter4|lpm_counter2:inst|lpm_counter:lpm_counter_component|cntr_25j:auto_generated|counter_comb_bita1    ; |Chapter4|lpm_counter2:inst|lpm_counter:lpm_counter_component|cntr_25j:auto_generated|counter_comb_bita1~COUT ; cout             ;
; |Chapter4|lpm_counter2:inst|lpm_counter:lpm_counter_component|cntr_25j:auto_generated|counter_comb_bita2    ; |Chapter4|lpm_counter2:inst|lpm_counter:lpm_counter_component|cntr_25j:auto_generated|counter_comb_bita2      ; combout          ;
; |Chapter4|lpm_counter2:inst|lpm_counter:lpm_counter_component|cntr_25j:auto_generated|counter_comb_bita2    ; |Chapter4|lpm_counter2:inst|lpm_counter:lpm_counter_component|cntr_25j:auto_generated|counter_comb_bita2~COUT ; cout             ;
; |Chapter4|lpm_counter2:inst|lpm_counter:lpm_counter_component|cntr_25j:auto_generated|counter_comb_bita3    ; |Chapter4|lpm_counter2:inst|lpm_counter:lpm_counter_component|cntr_25j:auto_generated|counter_comb_bita3      ; combout          ;
; |Chapter4|lpm_counter2:inst|lpm_counter:lpm_counter_component|cntr_25j:auto_generated|counter_comb_bita3    ; |Chapter4|lpm_counter2:inst|lpm_counter:lpm_counter_component|cntr_25j:auto_generated|counter_comb_bita3~COUT ; cout             ;
; |Chapter4|lpm_counter2:inst|lpm_counter:lpm_counter_component|cntr_25j:auto_generated|counter_comb_bita4    ; |Chapter4|lpm_counter2:inst|lpm_counter:lpm_counter_component|cntr_25j:auto_generated|counter_comb_bita4      ; combout          ;
; |Chapter4|lpm_counter2:inst|lpm_counter:lpm_counter_component|cntr_25j:auto_generated|counter_comb_bita4    ; |Chapter4|lpm_counter2:inst|lpm_counter:lpm_counter_component|cntr_25j:auto_generated|counter_comb_bita4~COUT ; cout             ;
; |Chapter4|lpm_counter2:inst|lpm_counter:lpm_counter_component|cntr_25j:auto_generated|counter_comb_bita5    ; |Chapter4|lpm_counter2:inst|lpm_counter:lpm_counter_component|cntr_25j:auto_generated|counter_comb_bita5      ; combout          ;
; |Chapter4|lpm_counter2:inst|lpm_counter:lpm_counter_component|cntr_25j:auto_generated|counter_comb_bita5    ; |Chapter4|lpm_counter2:inst|lpm_counter:lpm_counter_component|cntr_25j:auto_generated|counter_comb_bita5~COUT ; cout             ;
; |Chapter4|lpm_counter2:inst|lpm_counter:lpm_counter_component|cntr_25j:auto_generated|counter_comb_bita6    ; |Chapter4|lpm_counter2:inst|lpm_counter:lpm_counter_component|cntr_25j:auto_generated|counter_comb_bita6      ; combout          ;
; |Chapter4|lpm_counter2:inst|lpm_counter:lpm_counter_component|cntr_25j:auto_generated|counter_comb_bita6    ; |Chapter4|lpm_counter2:inst|lpm_counter:lpm_counter_component|cntr_25j:auto_generated|counter_comb_bita6~COUT ; cout             ;
; |Chapter4|lpm_counter2:inst|lpm_counter:lpm_counter_component|cntr_25j:auto_generated|counter_comb_bita7    ; |Chapter4|lpm_counter2:inst|lpm_counter:lpm_counter_component|cntr_25j:auto_generated|counter_comb_bita7      ; combout          ;
; |Chapter4|lpm_counter2:inst|lpm_counter:lpm_counter_component|cntr_25j:auto_generated|counter_reg_bit[7]    ; |Chapter4|lpm_counter2:inst|lpm_counter:lpm_counter_component|cntr_25j:auto_generated|counter_reg_bit[7]      ; regout           ;
; |Chapter4|lpm_counter2:inst|lpm_counter:lpm_counter_component|cntr_25j:auto_generated|counter_reg_bit[6]    ; |Chapter4|lpm_counter2:inst|lpm_counter:lpm_counter_component|cntr_25j:auto_generated|counter_reg_bit[6]      ; regout           ;
; |Chapter4|lpm_counter2:inst|lpm_counter:lpm_counter_component|cntr_25j:auto_generated|counter_reg_bit[5]    ; |Chapter4|lpm_counter2:inst|lpm_counter:lpm_counter_component|cntr_25j:auto_generated|counter_reg_bit[5]      ; regout           ;
; |Chapter4|lpm_counter2:inst|lpm_counter:lpm_counter_component|cntr_25j:auto_generated|counter_reg_bit[4]    ; |Chapter4|lpm_counter2:inst|lpm_counter:lpm_counter_component|cntr_25j:auto_generated|counter_reg_bit[4]      ; regout           ;
; |Chapter4|lpm_counter2:inst|lpm_counter:lpm_counter_component|cntr_25j:auto_generated|counter_reg_bit[3]    ; |Chapter4|lpm_counter2:inst|lpm_counter:lpm_counter_component|cntr_25j:auto_generated|counter_reg_bit[3]      ; regout           ;
; |Chapter4|lpm_counter2:inst|lpm_counter:lpm_counter_component|cntr_25j:auto_generated|counter_reg_bit[2]    ; |Chapter4|lpm_counter2:inst|lpm_counter:lpm_counter_component|cntr_25j:auto_generated|counter_reg_bit[2]      ; regout           ;
; |Chapter4|lpm_counter2:inst|lpm_counter:lpm_counter_component|cntr_25j:auto_generated|counter_reg_bit[1]    ; |Chapter4|lpm_counter2:inst|lpm_counter:lpm_counter_component|cntr_25j:auto_generated|counter_reg_bit[1]      ; regout           ;
; |Chapter4|lpm_counter2:inst|lpm_counter:lpm_counter_component|cntr_25j:auto_generated|counter_reg_bit[0]    ; |Chapter4|lpm_counter2:inst|lpm_counter:lpm_counter_component|cntr_25j:auto_generated|counter_reg_bit[0]      ; regout           ;
; |Chapter4|busmux:inst1|lpm_mux:$00000|mux_5qc:auto_generated|result_node[7]~0                               ; |Chapter4|busmux:inst1|lpm_mux:$00000|mux_5qc:auto_generated|result_node[7]~0                                 ; out0             ;
; |Chapter4|busmux:inst1|lpm_mux:$00000|mux_5qc:auto_generated|result_node[7]~1                               ; |Chapter4|busmux:inst1|lpm_mux:$00000|mux_5qc:auto_generated|result_node[7]~1                                 ; out0             ;
; |Chapter4|busmux:inst1|lpm_mux:$00000|mux_5qc:auto_generated|result_node[7]                                 ; |Chapter4|busmux:inst1|lpm_mux:$00000|mux_5qc:auto_generated|result_node[7]                                   ; out0             ;
; |Chapter4|busmux:inst1|lpm_mux:$00000|mux_5qc:auto_generated|result_node[6]~3                               ; |Chapter4|busmux:inst1|lpm_mux:$00000|mux_5qc:auto_generated|result_node[6]~3                                 ; out0             ;
; |Chapter4|busmux:inst1|lpm_mux:$00000|mux_5qc:auto_generated|result_node[6]                                 ; |Chapter4|busmux:inst1|lpm_mux:$00000|mux_5qc:auto_generated|result_node[6]                                   ; out0             ;
; |Chapter4|busmux:inst1|lpm_mux:$00000|mux_5qc:auto_generated|result_node[5]~4                               ; |Chapter4|busmux:inst1|lpm_mux:$00000|mux_5qc:auto_generated|result_node[5]~4                                 ; out0             ;
; |Chapter4|busmux:inst1|lpm_mux:$00000|mux_5qc:auto_generated|result_node[5]~5                               ; |Chapter4|busmux:inst1|lpm_mux:$00000|mux_5qc:auto_generated|result_node[5]~5                                 ; out0             ;
; |Chapter4|busmux:inst1|lpm_mux:$00000|mux_5qc:auto_generated|result_node[5]                                 ; |Chapter4|busmux:inst1|lpm_mux:$00000|mux_5qc:auto_generated|result_node[5]                                   ; out0             ;
; |Chapter4|busmux:inst1|lpm_mux:$00000|mux_5qc:auto_generated|result_node[4]~7                               ; |Chapter4|busmux:inst1|lpm_mux:$00000|mux_5qc:auto_generated|result_node[4]~7                                 ; out0             ;
; |Chapter4|busmux:inst1|lpm_mux:$00000|mux_5qc:auto_generated|result_node[4]                                 ; |Chapter4|busmux:inst1|lpm_mux:$00000|mux_5qc:auto_generated|result_node[4]                                   ; out0             ;
; |Chapter4|busmux:inst1|lpm_mux:$00000|mux_5qc:auto_generated|result_node[3]~8                               ; |Chapter4|busmux:inst1|lpm_mux:$00000|mux_5qc:auto_generated|result_node[3]~8                                 ; out0             ;
; |Chapter4|busmux:inst1|lpm_mux:$00000|mux_5qc:auto_generated|result_node[3]~9                               ; |Chapter4|busmux:inst1|lpm_mux:$00000|mux_5qc:auto_generated|result_node[3]~9                                 ; out0             ;
; |Chapter4|busmux:inst1|lpm_mux:$00000|mux_5qc:auto_generated|result_node[3]                                 ; |Chapter4|busmux:inst1|lpm_mux:$00000|mux_5qc:auto_generated|result_node[3]                                   ; out0             ;
; |Chapter4|busmux:inst1|lpm_mux:$00000|mux_5qc:auto_generated|result_node[2]~11                              ; |Chapter4|busmux:inst1|lpm_mux:$00000|mux_5qc:auto_generated|result_node[2]~11                                ; out0             ;
; |Chapter4|busmux:inst1|lpm_mux:$00000|mux_5qc:auto_generated|result_node[2]                                 ; |Chapter4|busmux:inst1|lpm_mux:$00000|mux_5qc:auto_generated|result_node[2]                                   ; out0             ;
; |Chapter4|busmux:inst1|lpm_mux:$00000|mux_5qc:auto_generated|result_node[1]~13                              ; |Chapter4|busmux:inst1|lpm_mux:$00000|mux_5qc:auto_generated|result_node[1]~13                                ; out0             ;
; |Chapter4|busmux:inst1|lpm_mux:$00000|mux_5qc:auto_generated|result_node[1]                                 ; |Chapter4|busmux:inst1|lpm_mux:$00000|mux_5qc:auto_generated|result_node[1]                                   ; out0             ;
; |Chapter4|busmux:inst1|lpm_mux:$00000|mux_5qc:auto_generated|result_node[0]~15                              ; |Chapter4|busmux:inst1|lpm_mux:$00000|mux_5qc:auto_generated|result_node[0]~15                                ; out0             ;
; |Chapter4|busmux:inst1|lpm_mux:$00000|mux_5qc:auto_generated|result_node[0]                                 ; |Chapter4|busmux:inst1|lpm_mux:$00000|mux_5qc:auto_generated|result_node[0]                                   ; out0             ;
; |Chapter4|74273b:inst6|19                                                                                   ; |Chapter4|74273b:inst6|19                                                                                     ; regout           ;
; |Chapter4|74273b:inst6|18                                                                                   ; |Chapter4|74273b:inst6|18                                                                                     ; regout           ;
; |Chapter4|74273b:inst6|17                                                                                   ; |Chapter4|74273b:inst6|17                                                                                     ; regout           ;
; |Chapter4|74273b:inst6|16                                                                                   ; |Chapter4|74273b:inst6|16                                                                                     ; regout           ;
; |Chapter4|74273b:inst6|15                                                                                   ; |Chapter4|74273b:inst6|15                                                                                     ; regout           ;
; |Chapter4|74273b:inst6|14                                                                                   ; |Chapter4|74273b:inst6|14                                                                                     ; regout           ;
; |Chapter4|74273b:inst6|13                                                                                   ; |Chapter4|74273b:inst6|13                                                                                     ; regout           ;
; |Chapter4|74273b:inst6|12                                                                                   ; |Chapter4|74273b:inst6|12                                                                                     ; regout           ;
+-------------------------------------------------------------------------------------------------------------+---------------------------------------------------------------------------------------------------------------+------------------+


The following table displays output ports that do not toggle to 1 during simulation.
+--------------------------------------------------------------------------------------------------------------------------------------------------------------------------------------------------------------------------------------+
; Missing 1-Value Coverage                                                                                                                                                                                                             ;
+---------------------------------------------------------------------------------------------------------+---------------------------------------------------------------------------------------------------------+------------------+
; Node Name                                                                                               ; Output Port Name                                                                                        ; Output Port Type ;
+---------------------------------------------------------------------------------------------------------+---------------------------------------------------------------------------------------------------------+------------------+
; |Chapter4|LED[6]                                                                                        ; |Chapter4|LED[6]                                                                                        ; pin_out          ;
; |Chapter4|LED[4]                                                                                        ; |Chapter4|LED[4]                                                                                        ; pin_out          ;
; |Chapter4|LED[2]                                                                                        ; |Chapter4|LED[2]                                                                                        ; pin_out          ;
; |Chapter4|LED[1]                                                                                        ; |Chapter4|LED[1]                                                                                        ; pin_out          ;
; |Chapter4|LED[0]                                                                                        ; |Chapter4|LED[0]                                                                                        ; pin_out          ;
; |Chapter4|B[6]                                                                                          ; |Chapter4|B[6]                                                                                          ; out              ;
; |Chapter4|B[4]                                                                                          ; |Chapter4|B[4]                                                                                          ; out              ;
; |Chapter4|B[2]                                                                                          ; |Chapter4|B[2]                                                                                          ; out              ;
; |Chapter4|B[1]                                                                                          ; |Chapter4|B[1]                                                                                          ; out              ;
; |Chapter4|B[0]                                                                                          ; |Chapter4|B[0]                                                                                          ; out              ;
; |Chapter4|lpm_counter2:inst|lpm_counter:lpm_counter_component|cntr_25j:auto_generated|mux2111_dataout~0 ; |Chapter4|lpm_counter2:inst|lpm_counter:lpm_counter_component|cntr_25j:auto_generated|mux2111_dataout~0 ; out0             ;
; |Chapter4|lpm_counter2:inst|lpm_counter:lpm_counter_component|cntr_25j:auto_generated|mux2115_dataout~0 ; |Chapter4|lpm_counter2:inst|lpm_counter:lpm_counter_component|cntr_25j:auto_generated|mux2115_dataout~0 ; out0             ;
; |Chapter4|lpm_counter2:inst|lpm_counter:lpm_counter_component|cntr_25j:auto_generated|mux217_dataout~0  ; |Chapter4|lpm_counter2:inst|lpm_counter:lpm_counter_component|cntr_25j:auto_generated|mux217_dataout~0  ; out0             ;
; |Chapter4|lpm_counter2:inst|lpm_counter:lpm_counter_component|cntr_25j:auto_generated|_~96              ; |Chapter4|lpm_counter2:inst|lpm_counter:lpm_counter_component|cntr_25j:auto_generated|_~96              ; out0             ;
; |Chapter4|lpm_counter2:inst|lpm_counter:lpm_counter_component|cntr_25j:auto_generated|_~98              ; |Chapter4|lpm_counter2:inst|lpm_counter:lpm_counter_component|cntr_25j:auto_generated|_~98              ; out0             ;
; |Chapter4|lpm_counter2:inst|lpm_counter:lpm_counter_component|cntr_25j:auto_generated|_~100             ; |Chapter4|lpm_counter2:inst|lpm_counter:lpm_counter_component|cntr_25j:auto_generated|_~100             ; out0             ;
; |Chapter4|lpm_counter2:inst|lpm_counter:lpm_counter_component|cntr_25j:auto_generated|_~101             ; |Chapter4|lpm_counter2:inst|lpm_counter:lpm_counter_component|cntr_25j:auto_generated|_~101             ; out0             ;
; |Chapter4|lpm_counter2:inst|lpm_counter:lpm_counter_component|cntr_25j:auto_generated|_~102             ; |Chapter4|lpm_counter2:inst|lpm_counter:lpm_counter_component|cntr_25j:auto_generated|_~102             ; out0             ;
; |Chapter4|busmux:inst1|lpm_mux:$00000|mux_5qc:auto_generated|result_node[6]~2                           ; |Chapter4|busmux:inst1|lpm_mux:$00000|mux_5qc:auto_generated|result_node[6]~2                           ; out0             ;
; |Chapter4|busmux:inst1|lpm_mux:$00000|mux_5qc:auto_generated|result_node[4]~6                           ; |Chapter4|busmux:inst1|lpm_mux:$00000|mux_5qc:auto_generated|result_node[4]~6                           ; out0             ;
; |Chapter4|busmux:inst1|lpm_mux:$00000|mux_5qc:auto_generated|result_node[2]~10                          ; |Chapter4|busmux:inst1|lpm_mux:$00000|mux_5qc:auto_generated|result_node[2]~10                          ; out0             ;
; |Chapter4|busmux:inst1|lpm_mux:$00000|mux_5qc:auto_generated|result_node[1]~12                          ; |Chapter4|busmux:inst1|lpm_mux:$00000|mux_5qc:auto_generated|result_node[1]~12                          ; out0             ;
; |Chapter4|busmux:inst1|lpm_mux:$00000|mux_5qc:auto_generated|result_node[0]~14                          ; |Chapter4|busmux:inst1|lpm_mux:$00000|mux_5qc:auto_generated|result_node[0]~14                          ; out0             ;
+---------------------------------------------------------------------------------------------------------+---------------------------------------------------------------------------------------------------------+------------------+


The following table displays output ports that do not toggle to 0 during simulation.
+--------------------------------------------------------------------------------------------------------------------------------------------------------------------------------------------------------------------------------------+
; Missing 0-Value Coverage                                                                                                                                                                                                             ;
+---------------------------------------------------------------------------------------------------------+---------------------------------------------------------------------------------------------------------+------------------+
; Node Name                                                                                               ; Output Port Name                                                                                        ; Output Port Type ;
+---------------------------------------------------------------------------------------------------------+---------------------------------------------------------------------------------------------------------+------------------+
; |Chapter4|LED[6]                                                                                        ; |Chapter4|LED[6]                                                                                        ; pin_out          ;
; |Chapter4|LED[4]                                                                                        ; |Chapter4|LED[4]                                                                                        ; pin_out          ;
; |Chapter4|LED[2]                                                                                        ; |Chapter4|LED[2]                                                                                        ; pin_out          ;
; |Chapter4|LED[1]                                                                                        ; |Chapter4|LED[1]                                                                                        ; pin_out          ;
; |Chapter4|LED[0]                                                                                        ; |Chapter4|LED[0]                                                                                        ; pin_out          ;
; |Chapter4|B[6]                                                                                          ; |Chapter4|B[6]                                                                                          ; out              ;
; |Chapter4|B[4]                                                                                          ; |Chapter4|B[4]                                                                                          ; out              ;
; |Chapter4|B[2]                                                                                          ; |Chapter4|B[2]                                                                                          ; out              ;
; |Chapter4|B[1]                                                                                          ; |Chapter4|B[1]                                                                                          ; out              ;
; |Chapter4|B[0]                                                                                          ; |Chapter4|B[0]                                                                                          ; out              ;
; |Chapter4|lpm_counter2:inst|lpm_counter:lpm_counter_component|cntr_25j:auto_generated|mux211_dataout    ; |Chapter4|lpm_counter2:inst|lpm_counter:lpm_counter_component|cntr_25j:auto_generated|mux211_dataout    ; out0             ;
; |Chapter4|lpm_counter2:inst|lpm_counter:lpm_counter_component|cntr_25j:auto_generated|mux2111_dataout~0 ; |Chapter4|lpm_counter2:inst|lpm_counter:lpm_counter_component|cntr_25j:auto_generated|mux2111_dataout~0 ; out0             ;
; |Chapter4|lpm_counter2:inst|lpm_counter:lpm_counter_component|cntr_25j:auto_generated|mux2113_dataout   ; |Chapter4|lpm_counter2:inst|lpm_counter:lpm_counter_component|cntr_25j:auto_generated|mux2113_dataout   ; out0             ;
; |Chapter4|lpm_counter2:inst|lpm_counter:lpm_counter_component|cntr_25j:auto_generated|mux2115_dataout~0 ; |Chapter4|lpm_counter2:inst|lpm_counter:lpm_counter_component|cntr_25j:auto_generated|mux2115_dataout~0 ; out0             ;
; |Chapter4|lpm_counter2:inst|lpm_counter:lpm_counter_component|cntr_25j:auto_generated|mux213_dataout    ; |Chapter4|lpm_counter2:inst|lpm_counter:lpm_counter_component|cntr_25j:auto_generated|mux213_dataout    ; out0             ;
; |Chapter4|lpm_counter2:inst|lpm_counter:lpm_counter_component|cntr_25j:auto_generated|mux215_dataout    ; |Chapter4|lpm_counter2:inst|lpm_counter:lpm_counter_component|cntr_25j:auto_generated|mux215_dataout    ; out0             ;
; |Chapter4|lpm_counter2:inst|lpm_counter:lpm_counter_component|cntr_25j:auto_generated|mux217_dataout~0  ; |Chapter4|lpm_counter2:inst|lpm_counter:lpm_counter_component|cntr_25j:auto_generated|mux217_dataout~0  ; out0             ;
; |Chapter4|lpm_counter2:inst|lpm_counter:lpm_counter_component|cntr_25j:auto_generated|mux219_dataout    ; |Chapter4|lpm_counter2:inst|lpm_counter:lpm_counter_component|cntr_25j:auto_generated|mux219_dataout    ; out0             ;
; |Chapter4|lpm_counter2:inst|lpm_counter:lpm_counter_component|cntr_25j:auto_generated|latch_signal[6]   ; |Chapter4|lpm_counter2:inst|lpm_counter:lpm_counter_component|cntr_25j:auto_generated|latch_signal[6]   ; out0             ;
; |Chapter4|lpm_counter2:inst|lpm_counter:lpm_counter_component|cntr_25j:auto_generated|latch_signal[4]   ; |Chapter4|lpm_counter2:inst|lpm_counter:lpm_counter_component|cntr_25j:auto_generated|latch_signal[4]   ; out0             ;
; |Chapter4|lpm_counter2:inst|lpm_counter:lpm_counter_component|cntr_25j:auto_generated|latch_signal[2]   ; |Chapter4|lpm_counter2:inst|lpm_counter:lpm_counter_component|cntr_25j:auto_generated|latch_signal[2]   ; out0             ;
; |Chapter4|lpm_counter2:inst|lpm_counter:lpm_counter_component|cntr_25j:auto_generated|latch_signal[1]   ; |Chapter4|lpm_counter2:inst|lpm_counter:lpm_counter_component|cntr_25j:auto_generated|latch_signal[1]   ; out0             ;
; |Chapter4|lpm_counter2:inst|lpm_counter:lpm_counter_component|cntr_25j:auto_generated|latch_signal[0]   ; |Chapter4|lpm_counter2:inst|lpm_counter:lpm_counter_component|cntr_25j:auto_generated|latch_signal[0]   ; out0             ;
; |Chapter4|lpm_counter2:inst|lpm_counter:lpm_counter_component|cntr_25j:auto_generated|_~96              ; |Chapter4|lpm_counter2:inst|lpm_counter:lpm_counter_component|cntr_25j:auto_generated|_~96              ; out0             ;
; |Chapter4|lpm_counter2:inst|lpm_counter:lpm_counter_component|cntr_25j:auto_generated|_~98              ; |Chapter4|lpm_counter2:inst|lpm_counter:lpm_counter_component|cntr_25j:auto_generated|_~98              ; out0             ;
; |Chapter4|lpm_counter2:inst|lpm_counter:lpm_counter_component|cntr_25j:auto_generated|_~100             ; |Chapter4|lpm_counter2:inst|lpm_counter:lpm_counter_component|cntr_25j:auto_generated|_~100             ; out0             ;
; |Chapter4|lpm_counter2:inst|lpm_counter:lpm_counter_component|cntr_25j:auto_generated|_~101             ; |Chapter4|lpm_counter2:inst|lpm_counter:lpm_counter_component|cntr_25j:auto_generated|_~101             ; out0             ;
; |Chapter4|lpm_counter2:inst|lpm_counter:lpm_counter_component|cntr_25j:auto_generated|_~102             ; |Chapter4|lpm_counter2:inst|lpm_counter:lpm_counter_component|cntr_25j:auto_generated|_~102             ; out0             ;
; |Chapter4|busmux:inst1|lpm_mux:$00000|mux_5qc:auto_generated|result_node[6]~2                           ; |Chapter4|busmux:inst1|lpm_mux:$00000|mux_5qc:auto_generated|result_node[6]~2                           ; out0             ;
; |Chapter4|busmux:inst1|lpm_mux:$00000|mux_5qc:auto_generated|result_node[4]~6                           ; |Chapter4|busmux:inst1|lpm_mux:$00000|mux_5qc:auto_generated|result_node[4]~6                           ; out0             ;
; |Chapter4|busmux:inst1|lpm_mux:$00000|mux_5qc:auto_generated|result_node[2]~10                          ; |Chapter4|busmux:inst1|lpm_mux:$00000|mux_5qc:auto_generated|result_node[2]~10                          ; out0             ;
; |Chapter4|busmux:inst1|lpm_mux:$00000|mux_5qc:auto_generated|result_node[1]~12                          ; |Chapter4|busmux:inst1|lpm_mux:$00000|mux_5qc:auto_generated|result_node[1]~12                          ; out0             ;
; |Chapter4|busmux:inst1|lpm_mux:$00000|mux_5qc:auto_generated|result_node[0]~14                          ; |Chapter4|busmux:inst1|lpm_mux:$00000|mux_5qc:auto_generated|result_node[0]~14                          ; out0             ;
+---------------------------------------------------------------------------------------------------------+---------------------------------------------------------------------------------------------------------+------------------+


+---------------------+
; Simulator INI Usage ;
+--------+------------+
; Option ; Usage      ;
+--------+------------+


+--------------------+
; Simulator Messages ;
+--------------------+
Info: *******************************************************************
Info: Running Quartus II Simulator
    Info: Version 9.0 Build 132 02/25/2009 SJ Full Version
    Info: Processing started: Sun May 29 18:30:00 2022
Info: Command: quartus_sim --read_settings_files=on --write_settings_files=off Chapter4 -c Chapter4
Info: Using vector source file "F:/计组实验/wave4.vwf"
Warning: Ignored node in vector source file. Can't find corresponding node name "pin_name[7]" in design.
Warning: Ignored node in vector source file. Can't find corresponding node name "pin_name[6]" in design.
Warning: Ignored node in vector source file. Can't find corresponding node name "pin_name[5]" in design.
Warning: Ignored node in vector source file. Can't find corresponding node name "pin_name[4]" in design.
Warning: Ignored node in vector source file. Can't find corresponding node name "pin_name[3]" in design.
Warning: Ignored node in vector source file. Can't find corresponding node name "pin_name[2]" in design.
Warning: Ignored node in vector source file. Can't find corresponding node name "pin_name[1]" in design.
Warning: Ignored node in vector source file. Can't find corresponding node name "pin_name[0]" in design.
Info: Option to preserve fewer signal transitions to reduce memory requirements is enabled
    Info: Simulation has been partitioned into sub-simulations according to the maximum transition count determined by the engine. Transitions from memory will be flushed out to disk at the end of each sub-simulation to reduce memory requirements.
Info: Simulation partitioned into 1 sub-simulations
Info: Simulation coverage is      79.88 %
Info: Number of transitions in simulation is 3714
Info: Quartus II Simulator was successful. 0 errors, 8 warnings
    Info: Peak virtual memory: 136 megabytes
    Info: Processing ended: Sun May 29 18:30:01 2022
    Info: Elapsed time: 00:00:01
    Info: Total CPU time (on all processors): 00:00:00


